Array
(
    [name] => Francois
    [country] => France
)

Array
(
    [name] => Jaqueline
    [country] => France
)

